{
  "version": "1.5.0",
  "plugins_used": [
    {
      "name": "ArtifactoryDetector"
    },
    {
      "name": "AWSKeyDetector"
    },
    {
      "name": "AzureStorageKeyDetector"
    },
    {
      "name": "Base64HighEntropyString",
      "limit": 4.5
    },
    {
      "name": "BasicAuthDetector"
    },
    {
      "name": "CloudantDetector"
    },
    {
      "name": "DiscordBotTokenDetector"
    },
    {
      "name": "GitHubTokenDetector"
    },
    {
      "name": "GitLabTokenDetector"
    },
    {
      "name": "HexHighEntropyString",
      "limit": 3.0
    },
    {
      "name": "IbmCloudIamDetector"
    },
    {
      "name": "IbmCosHmacDetector"
    },
    {
      "name": "IPPublicDetector"
    },
    {
      "name": "JwtTokenDetector"
    },
    {
      "name": "KeywordDetector",
      "keyword_exclude": ""
    },
    {
      "name": "MailchimpDetector"
    },
    {
      "name": "NpmDetector"
    },
    {
      "name": "OpenAIDetector"
    },
    {
      "name": "PrivateKeyDetector"
    },
    {
      "name": "PypiTokenDetector"
    },
    {
      "name": "SendGridDetector"
    },
    {
      "name": "SlackDetector"
    },
    {
      "name": "SoftlayerDetector"
    },
    {
      "name": "SquareOAuthDetector"
    },
    {
      "name": "StripeDetector"
    },
    {
      "name": "TelegramBotTokenDetector"
    },
    {
      "name": "TwilioKeyDetector"
    }
  ],
  "filters_used": [
    {
      "path": "detect_secrets.filters.allowlist.is_line_allowlisted"
    },
    {
      "path": "detect_secrets.filters.common.is_baseline_file",
      "filename": ".secrets.baseline"
    },
    {
      "path": "detect_secrets.filters.common.is_ignored_due_to_verification_policies",
      "min_level": 2
    },
    {
      "path": "detect_secrets.filters.heuristic.is_indirect_reference"
    },
    {
      "path": "detect_secrets.filters.heuristic.is_likely_id_string"
    },
    {
      "path": "detect_secrets.filters.heuristic.is_lock_file"
    },
    {
      "path": "detect_secrets.filters.heuristic.is_not_alphanumeric_string"
    },
    {
      "path": "detect_secrets.filters.heuristic.is_potential_uuid"
    },
    {
      "path": "detect_secrets.filters.heuristic.is_prefixed_with_dollar_sign"
    },
    {
      "path": "detect_secrets.filters.heuristic.is_sequential_string"
    },
    {
      "path": "detect_secrets.filters.heuristic.is_swagger_file"
    },
    {
      "path": "detect_secrets.filters.heuristic.is_templated_secret"
    },
    {
      "path": "detect_secrets.filters.regex.should_exclude_file",
      "pattern": [
        "node_modules/.*",
        "\\.git/.*",
        ".*\\.(png|jpg|jpeg|pdf|pptx|xlsx)$"
      ]
    }
  ],
  "results": {
    "governance/prompt_manifest.json": [
      {
        "type": "Hex High Entropy String",
        "filename": "governance/prompt_manifest.json",
        "hashed_secret": "fb3903ec8d710cf957c59ea81481ee58c0d4fbdb",
        "is_verified": false,
        "line_number": 6
      },
      {
        "type": "Hex High Entropy String",
        "filename": "governance/prompt_manifest.json",
        "hashed_secret": "82da3b7cf31fee50e19436289f34fee200fb96e7",
        "is_verified": false,
        "line_number": 10
      },
      {
        "type": "Hex High Entropy String",
        "filename": "governance/prompt_manifest.json",
        "hashed_secret": "ecb970101bba554723f1f59a1828839a497b3b5f",
        "is_verified": false,
        "line_number": 14
      },
      {
        "type": "Hex High Entropy String",
        "filename": "governance/prompt_manifest.json",
        "hashed_secret": "99583763b397f7ce8a035e9a921e6713837b2d50",
        "is_verified": false,
        "line_number": 18
      },
      {
        "type": "Hex High Entropy String",
        "filename": "governance/prompt_manifest.json",
        "hashed_secret": "53b3f4eb2250534f97c2ab10b018d9b829522878",
        "is_verified": false,
        "line_number": 22
      },
      {
        "type": "Hex High Entropy String",
        "filename": "governance/prompt_manifest.json",
        "hashed_secret": "ac2318b4193d40701955346b9c807a9c10682faa",
        "is_verified": false,
        "line_number": 26
      },
      {
        "type": "Hex High Entropy String",
        "filename": "governance/prompt_manifest.json",
        "hashed_secret": "ed818cd7523a1e5fcf0f6978744f03af8b61bf07",
        "is_verified": false,
        "line_number": 30
      },
      {
        "type": "Hex High Entropy String",
        "filename": "governance/prompt_manifest.json",
        "hashed_secret": "cfe18d624626f64099de550d84a963da112e4c63",
        "is_verified": false,
        "line_number": 34
      },
      {
        "type": "Hex High Entropy String",
        "filename": "governance/prompt_manifest.json",
        "hashed_secret": "3c8a6e3a918fe4a0c2b0bbf6472b5ad730d24b00",
        "is_verified": false,
        "line_number": 38
      },
      {
        "type": "Hex High Entropy String",
        "filename": "governance/prompt_manifest.json",
        "hashed_secret": "835f01da270a73ffbc4b45611d3acc276df7bb3e",
        "is_verified": false,
        "line_number": 42
      },
      {
        "type": "Hex High Entropy String",
        "filename": "governance/prompt_manifest.json",
        "hashed_secret": "66e1075d5432bac23d763bb3f0f16167b0cff4b2",
        "is_verified": false,
        "line_number": 46
      },
      {
        "type": "Hex High Entropy String",
        "filename": "governance/prompt_manifest.json",
        "hashed_secret": "b4dfed49e3aa8021885d82f5ecb7d22d92ed6b2d",
        "is_verified": false,
        "line_number": 50
      },
      {
        "type": "Hex High Entropy String",
        "filename": "governance/prompt_manifest.json",
        "hashed_secret": "2d8e5f93f16a25d25cf5d850ef99b8c63838bc5a",
        "is_verified": false,
        "line_number": 54
      },
      {
        "type": "Hex High Entropy String",
        "filename": "governance/prompt_manifest.json",
        "hashed_secret": "f811df20f21afd19379708134bf3b4be13e461ac",
        "is_verified": false,
        "line_number": 58
      },
      {
        "type": "Hex High Entropy String",
        "filename": "governance/prompt_manifest.json",
        "hashed_secret": "24b58c9d613e4a41cfb75ec5df4aae247fc1187c",
        "is_verified": false,
        "line_number": 62
      },
      {
        "type": "Hex High Entropy String",
        "filename": "governance/prompt_manifest.json",
        "hashed_secret": "671d6b2319f6b00a3467e656435bf9c468bca262",
        "is_verified": false,
        "line_number": 66
      }
    ],
    "infra/cloudformation/idp-federation.yaml": [
      {
        "type": "Secret Keyword",
        "filename": "infra/cloudformation/idp-federation.yaml",
        "hashed_secret": "7cb6efb98ba5972a9b5090dc2e517fe14d12cb04",
        "is_verified": false,
        "line_number": 105
      }
    ],
    "infra/cloudformation/security.yaml": [
      {
        "type": "Secret Keyword",
        "filename": "infra/cloudformation/security.yaml",
        "hashed_secret": "7cb6efb98ba5972a9b5090dc2e517fe14d12cb04",
        "is_verified": false,
        "line_number": 64
      }
    ],
    "infra/golden-path-01-revenue-cycle/template.yaml": [
      {
        "type": "Secret Keyword",
        "filename": "infra/golden-path-01-revenue-cycle/template.yaml",
        "hashed_secret": "837452f09c578c1ce50bb3376705b625b0f399ca",
        "is_verified": false,
        "line_number": 298
      },
      {
        "type": "Secret Keyword",
        "filename": "infra/golden-path-01-revenue-cycle/template.yaml",
        "hashed_secret": "7cb6efb98ba5972a9b5090dc2e517fe14d12cb04",
        "is_verified": false,
        "line_number": 313
      }
    ]
  },
  "generated_at": "2026-07-10T04:00:51Z"
}
